Added Component: Designator=C01(RC0603N_YAG)
Add component (AddParameter): Name = "Copyright"; Value = "Copyright (C) 2025 Ultra Librarian. All rights reserved."; VariantName = "[No Variations]"
Add component (AddParameter): Name = "Manufacturer_Name"; Value = "Yageo"; VariantName = "[No Variations]"
Add component (AddParameter): Name = "Manufacturer_Part_Number"; Value = "RC0603FR-0747KL"; VariantName = "[No Variations]"
Add component (AddParameter): Name = "RefDes"; Value = ""; VariantName = "[No Variations]"
Add component (AddParameter): Name = "Type"; Value = ""; VariantName = "[No Variations]"
Added Component: Designator=C02(RC0603N_YAG)
Add component (AddParameter): Name = "Copyright"; Value = "Copyright (C) 2025 Ultra Librarian. All rights reserved."; VariantName = "[No Variations]"
Add component (AddParameter): Name = "Manufacturer_Name"; Value = "Yageo"; VariantName = "[No Variations]"
Add component (AddParameter): Name = "Manufacturer_Part_Number"; Value = "RC0603FR-0747KL"; VariantName = "[No Variations]"
Add component (AddParameter): Name = "RefDes"; Value = ""; VariantName = "[No Variations]"
Add component (AddParameter): Name = "Type"; Value = ""; VariantName = "[No Variations]"
Added Component: Designator=C03(RC1210)
Add component (AddParameter): Name = "Copyright"; Value = "Copyright (C) 2025 Ultra Librarian. All rights reserved."; VariantName = "[No Variations]"
Add component (AddParameter): Name = "Manufacturer_Name"; Value = "Yageo"; VariantName = "[No Variations]"
Add component (AddParameter): Name = "Manufacturer_Part_Number"; Value = "RC0603FR-0747KL"; VariantName = "[No Variations]"
Add component (AddParameter): Name = "RefDes"; Value = ""; VariantName = "[No Variations]"
Add component (AddParameter): Name = "Type"; Value = ""; VariantName = "[No Variations]"
Added Component: Designator=C04(RC0603N_YAG)
Add component (AddParameter): Name = "Copyright"; Value = "Copyright (C) 2025 Ultra Librarian. All rights reserved."; VariantName = "[No Variations]"
Add component (AddParameter): Name = "Manufacturer_Name"; Value = "Yageo"; VariantName = "[No Variations]"
Add component (AddParameter): Name = "Manufacturer_Part_Number"; Value = "RC0603FR-0747KL"; VariantName = "[No Variations]"
Add component (AddParameter): Name = "RefDes"; Value = ""; VariantName = "[No Variations]"
Add component (AddParameter): Name = "Type"; Value = ""; VariantName = "[No Variations]"
Added Component: Designator=C05(RC0603N_YAG)
Add component (AddParameter): Name = "Copyright"; Value = "Copyright (C) 2025 Ultra Librarian. All rights reserved."; VariantName = "[No Variations]"
Add component (AddParameter): Name = "Manufacturer_Name"; Value = "Yageo"; VariantName = "[No Variations]"
Add component (AddParameter): Name = "Manufacturer_Part_Number"; Value = "RC0603FR-0747KL"; VariantName = "[No Variations]"
Add component (AddParameter): Name = "RefDes"; Value = ""; VariantName = "[No Variations]"
Add component (AddParameter): Name = "Type"; Value = ""; VariantName = "[No Variations]"
Added Component: Designator=C06(RC0603N_YAG)
Add component (AddParameter): Name = "Copyright"; Value = "Copyright (C) 2025 Ultra Librarian. All rights reserved."; VariantName = "[No Variations]"
Add component (AddParameter): Name = "Manufacturer_Name"; Value = "Yageo"; VariantName = "[No Variations]"
Add component (AddParameter): Name = "Manufacturer_Part_Number"; Value = "RC0603FR-0747KL"; VariantName = "[No Variations]"
Add component (AddParameter): Name = "RefDes"; Value = ""; VariantName = "[No Variations]"
Add component (AddParameter): Name = "Type"; Value = ""; VariantName = "[No Variations]"
Added Component: Designator=C07(RC0603N_YAG)
Add component (AddParameter): Name = "Copyright"; Value = "Copyright (C) 2025 Ultra Librarian. All rights reserved."; VariantName = "[No Variations]"
Add component (AddParameter): Name = "Manufacturer_Name"; Value = "Yageo"; VariantName = "[No Variations]"
Add component (AddParameter): Name = "Manufacturer_Part_Number"; Value = "RC0603FR-0747KL"; VariantName = "[No Variations]"
Add component (AddParameter): Name = "RefDes"; Value = ""; VariantName = "[No Variations]"
Add component (AddParameter): Name = "Type"; Value = ""; VariantName = "[No Variations]"
Added Component: Designator=C08(RC0603N_YAG)
Add component (AddParameter): Name = "Copyright"; Value = "Copyright (C) 2025 Ultra Librarian. All rights reserved."; VariantName = "[No Variations]"
Add component (AddParameter): Name = "Manufacturer_Name"; Value = "Yageo"; VariantName = "[No Variations]"
Add component (AddParameter): Name = "Manufacturer_Part_Number"; Value = "RC0603FR-0747KL"; VariantName = "[No Variations]"
Add component (AddParameter): Name = "RefDes"; Value = ""; VariantName = "[No Variations]"
Add component (AddParameter): Name = "Type"; Value = ""; VariantName = "[No Variations]"
Added Component: Designator=C09(RC0603N_YAG)
Add component (AddParameter): Name = "Copyright"; Value = "Copyright (C) 2025 Ultra Librarian. All rights reserved."; VariantName = "[No Variations]"
Add component (AddParameter): Name = "Manufacturer_Name"; Value = "Yageo"; VariantName = "[No Variations]"
Add component (AddParameter): Name = "Manufacturer_Part_Number"; Value = "RC0603FR-0747KL"; VariantName = "[No Variations]"
Add component (AddParameter): Name = "RefDes"; Value = ""; VariantName = "[No Variations]"
Add component (AddParameter): Name = "Type"; Value = ""; VariantName = "[No Variations]"
Added Component: Designator=C10(RC0603N_YAG)
Add component (AddParameter): Name = "Copyright"; Value = "Copyright (C) 2025 Ultra Librarian. All rights reserved."; VariantName = "[No Variations]"
Add component (AddParameter): Name = "Manufacturer_Name"; Value = "Yageo"; VariantName = "[No Variations]"
Add component (AddParameter): Name = "Manufacturer_Part_Number"; Value = "RC0603FR-0747KL"; VariantName = "[No Variations]"
Add component (AddParameter): Name = "RefDes"; Value = ""; VariantName = "[No Variations]"
Add component (AddParameter): Name = "Type"; Value = ""; VariantName = "[No Variations]"
Added Component: Designator=C11(RC0603N_YAG)
Add component (AddParameter): Name = "Copyright"; Value = "Copyright (C) 2025 Ultra Librarian. All rights reserved."; VariantName = "[No Variations]"
Add component (AddParameter): Name = "Manufacturer_Name"; Value = "Yageo"; VariantName = "[No Variations]"
Add component (AddParameter): Name = "Manufacturer_Part_Number"; Value = "RC0603FR-0747KL"; VariantName = "[No Variations]"
Add component (AddParameter): Name = "RefDes"; Value = ""; VariantName = "[No Variations]"
Add component (AddParameter): Name = "Type"; Value = ""; VariantName = "[No Variations]"
Added Component: Designator=C12(RC0603N_YAG)
Add component (AddParameter): Name = "Copyright"; Value = "Copyright (C) 2025 Ultra Librarian. All rights reserved."; VariantName = "[No Variations]"
Add component (AddParameter): Name = "Manufacturer_Name"; Value = "Yageo"; VariantName = "[No Variations]"
Add component (AddParameter): Name = "Manufacturer_Part_Number"; Value = "RC0603FR-0747KL"; VariantName = "[No Variations]"
Add component (AddParameter): Name = "RefDes"; Value = ""; VariantName = "[No Variations]"
Add component (AddParameter): Name = "Type"; Value = ""; VariantName = "[No Variations]"
Added Component: Designator=C13(RC0603N_YAG)
Add component (AddParameter): Name = "Copyright"; Value = "Copyright (C) 2025 Ultra Librarian. All rights reserved."; VariantName = "[No Variations]"
Add component (AddParameter): Name = "Manufacturer_Name"; Value = "Yageo"; VariantName = "[No Variations]"
Add component (AddParameter): Name = "Manufacturer_Part_Number"; Value = "RC0603FR-0747KL"; VariantName = "[No Variations]"
Add component (AddParameter): Name = "RefDes"; Value = ""; VariantName = "[No Variations]"
Add component (AddParameter): Name = "Type"; Value = ""; VariantName = "[No Variations]"
Added Component: Designator=C14(RC0603N_YAG)
Add component (AddParameter): Name = "Copyright"; Value = "Copyright (C) 2025 Ultra Librarian. All rights reserved."; VariantName = "[No Variations]"
Add component (AddParameter): Name = "Manufacturer_Name"; Value = "Yageo"; VariantName = "[No Variations]"
Add component (AddParameter): Name = "Manufacturer_Part_Number"; Value = "RC0603FR-0747KL"; VariantName = "[No Variations]"
Add component (AddParameter): Name = "RefDes"; Value = ""; VariantName = "[No Variations]"
Add component (AddParameter): Name = "Type"; Value = ""; VariantName = "[No Variations]"
Added Component: Designator=C15(RC0603N_YAG)
Add component (AddParameter): Name = "Copyright"; Value = "Copyright (C) 2025 Ultra Librarian. All rights reserved."; VariantName = "[No Variations]"
Add component (AddParameter): Name = "Manufacturer_Name"; Value = "Yageo"; VariantName = "[No Variations]"
Add component (AddParameter): Name = "Manufacturer_Part_Number"; Value = "RC0603FR-0747KL"; VariantName = "[No Variations]"
Add component (AddParameter): Name = "RefDes"; Value = ""; VariantName = "[No Variations]"
Add component (AddParameter): Name = "Type"; Value = ""; VariantName = "[No Variations]"
Added Component: Designator=CR01(SOD-123F_LTF)
Add component (AddParameter): Name = "Copyright"; Value = "Copyright (C) 2026 Ultra Librarian. All rights reserved."; VariantName = "[No Variations]"
Add component (AddParameter): Name = "Manufacturer_Name"; Value = "Littelfuse Inc"; VariantName = "[No Variations]"
Add component (AddParameter): Name = "Manufacturer_Part_Number"; Value = "SMF6.5CA"; VariantName = "[No Variations]"
Add component (AddParameter): Name = "RefDes"; Value = ""; VariantName = "[No Variations]"
Add component (AddParameter): Name = "Type"; Value = ""; VariantName = "[No Variations]"
Added Component: Designator=D01(XL-1608UVC-04)
Add component (AddParameter): Name = "Copyright"; Value = "Copyright (C) 2025 Ultra Librarian. All rights reserved."; VariantName = "[No Variations]"
Add component (AddParameter): Name = "Manufacturer_Name"; Value = "Yageo"; VariantName = "[No Variations]"
Add component (AddParameter): Name = "Manufacturer_Part_Number"; Value = "RC0603FR-0747KL"; VariantName = "[No Variations]"
Add component (AddParameter): Name = "RefDes"; Value = ""; VariantName = "[No Variations]"
Add component (AddParameter): Name = "Type"; Value = ""; VariantName = "[No Variations]"
Added Component: Designator=D02(XL-1608UVC-04)
Add component (AddParameter): Name = "Copyright"; Value = "Copyright (C) 2025 Ultra Librarian. All rights reserved."; VariantName = "[No Variations]"
Add component (AddParameter): Name = "Manufacturer_Name"; Value = "Yageo"; VariantName = "[No Variations]"
Add component (AddParameter): Name = "Manufacturer_Part_Number"; Value = "RC0603FR-0747KL"; VariantName = "[No Variations]"
Add component (AddParameter): Name = "RefDes"; Value = ""; VariantName = "[No Variations]"
Add component (AddParameter): Name = "Type"; Value = ""; VariantName = "[No Variations]"
Added Component: Designator=D03(XL-1608UVC-04)
Add component (AddParameter): Name = "Copyright"; Value = "Copyright (C) 2025 Ultra Librarian. All rights reserved."; VariantName = "[No Variations]"
Add component (AddParameter): Name = "Manufacturer_Name"; Value = "Yageo"; VariantName = "[No Variations]"
Add component (AddParameter): Name = "Manufacturer_Part_Number"; Value = "RC0603FR-0747KL"; VariantName = "[No Variations]"
Add component (AddParameter): Name = "RefDes"; Value = ""; VariantName = "[No Variations]"
Add component (AddParameter): Name = "Type"; Value = ""; VariantName = "[No Variations]"
Added Component: Designator=D04(XL-1608UVC-04)
Add component (AddParameter): Name = "Copyright"; Value = "Copyright (C) 2025 Ultra Librarian. All rights reserved."; VariantName = "[No Variations]"
Add component (AddParameter): Name = "Manufacturer_Name"; Value = "Yageo"; VariantName = "[No Variations]"
Add component (AddParameter): Name = "Manufacturer_Part_Number"; Value = "RC0603FR-0747KL"; VariantName = "[No Variations]"
Add component (AddParameter): Name = "RefDes"; Value = ""; VariantName = "[No Variations]"
Add component (AddParameter): Name = "Type"; Value = ""; VariantName = "[No Variations]"
Added Component: Designator=J00(HRO_TYPE-C-31-M-12)
Add component (AddParameter): Name = "Check_prices"; Value = "https://www.snapeda.com/parts/TYPE-C-31-M-12/HRO+Electronics+Co.%252C+Ltd./view-part/?ref=eda"; VariantName = "[No Variations]"
Add component (AddParameter): Name = "MF"; Value = "HRO Electronics Co., Ltd."; VariantName = "[No Variations]"
Add component (AddParameter): Name = "MP"; Value = "TYPE-C-31-M-12"; VariantName = "[No Variations]"
Add component (AddParameter): Name = "Package"; Value = "Package"; VariantName = "[No Variations]"
Add component (AddParameter): Name = "SnapEDA_Link"; Value = "https://www.snapeda.com/parts/TYPE-C-31-M-12/HRO+Electronics+Co.%252C+Ltd./view-part/?ref=snap"; VariantName = "[No Variations]"
Add component (AddParameter): Name = "Value"; Value = ""; VariantName = "[No Variations]"
Added Component: Designator=J01(TYPE-C MALE)
Added Component: Designator=J02(TYPE-C MALE)
Added Component: Designator=J03(TYPE-C MALE)
Added Component: Designator=J04(TYPE-C MALE)
Added Component: Designator=JP1(RC0603N_YAG)
Add component (AddParameter): Name = "Copyright"; Value = "Copyright (C) 2025 Ultra Librarian. All rights reserved."; VariantName = "[No Variations]"
Add component (AddParameter): Name = "Manufacturer_Name"; Value = "Yageo"; VariantName = "[No Variations]"
Add component (AddParameter): Name = "Manufacturer_Part_Number"; Value = "RC0603FR-0747KL"; VariantName = "[No Variations]"
Add component (AddParameter): Name = "RefDes"; Value = ""; VariantName = "[No Variations]"
Add component (AddParameter): Name = "Type"; Value = ""; VariantName = "[No Variations]"
Added Component: Designator=JP2(RC0603N_YAG)
Add component (AddParameter): Name = "Copyright"; Value = "Copyright (C) 2025 Ultra Librarian. All rights reserved."; VariantName = "[No Variations]"
Add component (AddParameter): Name = "Manufacturer_Name"; Value = "Yageo"; VariantName = "[No Variations]"
Add component (AddParameter): Name = "Manufacturer_Part_Number"; Value = "RC0603FR-0747KL"; VariantName = "[No Variations]"
Add component (AddParameter): Name = "RefDes"; Value = ""; VariantName = "[No Variations]"
Add component (AddParameter): Name = "Type"; Value = ""; VariantName = "[No Variations]"
Added Component: Designator=JP3(RC0603N_YAG)
Add component (AddParameter): Name = "Copyright"; Value = "Copyright (C) 2025 Ultra Librarian. All rights reserved."; VariantName = "[No Variations]"
Add component (AddParameter): Name = "Manufacturer_Name"; Value = "Yageo"; VariantName = "[No Variations]"
Add component (AddParameter): Name = "Manufacturer_Part_Number"; Value = "RC0603FR-0747KL"; VariantName = "[No Variations]"
Add component (AddParameter): Name = "RefDes"; Value = ""; VariantName = "[No Variations]"
Add component (AddParameter): Name = "Type"; Value = ""; VariantName = "[No Variations]"
Added Component: Designator=JP4(RC0603N_YAG)
Add component (AddParameter): Name = "Copyright"; Value = "Copyright (C) 2025 Ultra Librarian. All rights reserved."; VariantName = "[No Variations]"
Add component (AddParameter): Name = "Manufacturer_Name"; Value = "Yageo"; VariantName = "[No Variations]"
Add component (AddParameter): Name = "Manufacturer_Part_Number"; Value = "RC0603FR-0747KL"; VariantName = "[No Variations]"
Add component (AddParameter): Name = "RefDes"; Value = ""; VariantName = "[No Variations]"
Add component (AddParameter): Name = "Type"; Value = ""; VariantName = "[No Variations]"
Added Component: Designator=R01(RC0603N_YAG)
Add component (AddParameter): Name = "Copyright"; Value = "Copyright (C) 2025 Ultra Librarian. All rights reserved."; VariantName = "[No Variations]"
Add component (AddParameter): Name = "Manufacturer_Name"; Value = "Yageo"; VariantName = "[No Variations]"
Add component (AddParameter): Name = "Manufacturer_Part_Number"; Value = "RC0603FR-0747KL"; VariantName = "[No Variations]"
Add component (AddParameter): Name = "RefDes"; Value = ""; VariantName = "[No Variations]"
Add component (AddParameter): Name = "Type"; Value = ""; VariantName = "[No Variations]"
Added Component: Designator=R02(RC0603N_YAG)
Add component (AddParameter): Name = "Copyright"; Value = "Copyright (C) 2025 Ultra Librarian. All rights reserved."; VariantName = "[No Variations]"
Add component (AddParameter): Name = "Manufacturer_Name"; Value = "Yageo"; VariantName = "[No Variations]"
Add component (AddParameter): Name = "Manufacturer_Part_Number"; Value = "RC0603FR-0747KL"; VariantName = "[No Variations]"
Add component (AddParameter): Name = "RefDes"; Value = ""; VariantName = "[No Variations]"
Add component (AddParameter): Name = "Type"; Value = ""; VariantName = "[No Variations]"
Added Component: Designator=R03(RC0603N_YAG)
Add component (AddParameter): Name = "Copyright"; Value = "Copyright (C) 2025 Ultra Librarian. All rights reserved."; VariantName = "[No Variations]"
Add component (AddParameter): Name = "Manufacturer_Name"; Value = "Yageo"; VariantName = "[No Variations]"
Add component (AddParameter): Name = "Manufacturer_Part_Number"; Value = "RC0603FR-0747KL"; VariantName = "[No Variations]"
Add component (AddParameter): Name = "RefDes"; Value = ""; VariantName = "[No Variations]"
Add component (AddParameter): Name = "Type"; Value = ""; VariantName = "[No Variations]"
Added Component: Designator=R04(RC0603N_YAG)
Add component (AddParameter): Name = "Copyright"; Value = "Copyright (C) 2025 Ultra Librarian. All rights reserved."; VariantName = "[No Variations]"
Add component (AddParameter): Name = "Manufacturer_Name"; Value = "Yageo"; VariantName = "[No Variations]"
Add component (AddParameter): Name = "Manufacturer_Part_Number"; Value = "RC0603FR-0747KL"; VariantName = "[No Variations]"
Add component (AddParameter): Name = "RefDes"; Value = ""; VariantName = "[No Variations]"
Add component (AddParameter): Name = "Type"; Value = ""; VariantName = "[No Variations]"
Added Component: Designator=R05(RC0603N_YAG)
Add component (AddParameter): Name = "Copyright"; Value = "Copyright (C) 2025 Ultra Librarian. All rights reserved."; VariantName = "[No Variations]"
Add component (AddParameter): Name = "Manufacturer_Name"; Value = "Yageo"; VariantName = "[No Variations]"
Add component (AddParameter): Name = "Manufacturer_Part_Number"; Value = "RC0603FR-0747KL"; VariantName = "[No Variations]"
Add component (AddParameter): Name = "RefDes"; Value = ""; VariantName = "[No Variations]"
Add component (AddParameter): Name = "Type"; Value = ""; VariantName = "[No Variations]"
Added Component: Designator=R06(RC0603N_YAG)
Add component (AddParameter): Name = "Copyright"; Value = "Copyright (C) 2025 Ultra Librarian. All rights reserved."; VariantName = "[No Variations]"
Add component (AddParameter): Name = "Manufacturer_Name"; Value = "Yageo"; VariantName = "[No Variations]"
Add component (AddParameter): Name = "Manufacturer_Part_Number"; Value = "RC0603FR-0747KL"; VariantName = "[No Variations]"
Add component (AddParameter): Name = "RefDes"; Value = ""; VariantName = "[No Variations]"
Add component (AddParameter): Name = "Type"; Value = ""; VariantName = "[No Variations]"
Added Component: Designator=R07(RC0603N_YAG)
Add component (AddParameter): Name = "Copyright"; Value = "Copyright (C) 2025 Ultra Librarian. All rights reserved."; VariantName = "[No Variations]"
Add component (AddParameter): Name = "Manufacturer_Name"; Value = "Yageo"; VariantName = "[No Variations]"
Add component (AddParameter): Name = "Manufacturer_Part_Number"; Value = "RC0603FR-0747KL"; VariantName = "[No Variations]"
Add component (AddParameter): Name = "RefDes"; Value = ""; VariantName = "[No Variations]"
Add component (AddParameter): Name = "Type"; Value = ""; VariantName = "[No Variations]"
Added Component: Designator=R08(RC0603N_YAG)
Add component (AddParameter): Name = "Copyright"; Value = "Copyright (C) 2025 Ultra Librarian. All rights reserved."; VariantName = "[No Variations]"
Add component (AddParameter): Name = "Manufacturer_Name"; Value = "Yageo"; VariantName = "[No Variations]"
Add component (AddParameter): Name = "Manufacturer_Part_Number"; Value = "RC0603FR-0747KL"; VariantName = "[No Variations]"
Add component (AddParameter): Name = "RefDes"; Value = ""; VariantName = "[No Variations]"
Add component (AddParameter): Name = "Type"; Value = ""; VariantName = "[No Variations]"
Added Component: Designator=R09(RC0603N_YAG)
Add component (AddParameter): Name = "Copyright"; Value = "Copyright (C) 2025 Ultra Librarian. All rights reserved."; VariantName = "[No Variations]"
Add component (AddParameter): Name = "Manufacturer_Name"; Value = "Yageo"; VariantName = "[No Variations]"
Add component (AddParameter): Name = "Manufacturer_Part_Number"; Value = "RC0603FR-0747KL"; VariantName = "[No Variations]"
Add component (AddParameter): Name = "RefDes"; Value = ""; VariantName = "[No Variations]"
Add component (AddParameter): Name = "Type"; Value = ""; VariantName = "[No Variations]"
Added Component: Designator=R10(RC0603N_YAG)
Add component (AddParameter): Name = "Copyright"; Value = "Copyright (C) 2025 Ultra Librarian. All rights reserved."; VariantName = "[No Variations]"
Add component (AddParameter): Name = "Manufacturer_Name"; Value = "Yageo"; VariantName = "[No Variations]"
Add component (AddParameter): Name = "Manufacturer_Part_Number"; Value = "RC0603FR-0747KL"; VariantName = "[No Variations]"
Add component (AddParameter): Name = "RefDes"; Value = ""; VariantName = "[No Variations]"
Add component (AddParameter): Name = "Type"; Value = ""; VariantName = "[No Variations]"
Added Pin To Net: NetName=CC1_P1 Pin=J01-A5
Added Pin To Net: NetName=CC1_P1 Pin=J01-A5
Added Net: Name=CC1_P1
Added Pin To Net: NetName=CC1_P2 Pin=J02-A5
Added Pin To Net: NetName=CC1_P2 Pin=J02-A5
Added Net: Name=CC1_P2
Added Pin To Net: NetName=CC1_P3 Pin=J03-A5
Added Pin To Net: NetName=CC1_P3 Pin=J03-A5
Added Net: Name=CC1_P3
Added Pin To Net: NetName=CC1_P4 Pin=J04-A5
Added Pin To Net: NetName=CC1_P4 Pin=J04-A5
Added Net: Name=CC1_P4
Added Net: Name=CC2_P1
Added Net: Name=CC2_P2
Added Net: Name=CC2_P3
Added Net: Name=CC2_P4
Added Pin To Net: NetName=GND Pin=C01-2
Added Pin To Net: NetName=GND Pin=C02-2
Added Pin To Net: NetName=GND Pin=C03-2
Added Pin To Net: NetName=GND Pin=C04-2
Added Pin To Net: NetName=GND Pin=C05-2
Added Pin To Net: NetName=GND Pin=C06-2
Added Pin To Net: NetName=GND Pin=C07-2
Added Pin To Net: NetName=GND Pin=C08-2
Added Pin To Net: NetName=GND Pin=C09-2
Added Pin To Net: NetName=GND Pin=C10-2
Added Pin To Net: NetName=GND Pin=C11-2
Added Pin To Net: NetName=GND Pin=C12-2
Added Pin To Net: NetName=GND Pin=C13-2
Added Pin To Net: NetName=GND Pin=C14-2
Added Pin To Net: NetName=GND Pin=C15-2
Added Pin To Net: NetName=GND Pin=CR01-2
Added Pin To Net: NetName=GND Pin=J00-A1_B12
Added Pin To Net: NetName=GND Pin=J00-B1_A12
Added Pin To Net: NetName=GND Pin=J00-S1
Added Pin To Net: NetName=GND Pin=J00-S2
Added Pin To Net: NetName=GND Pin=J00-S3
Added Pin To Net: NetName=GND Pin=J00-S4
Added Pin To Net: NetName=GND Pin=J01-A1
Added Pin To Net: NetName=GND Pin=J01-A1
Added Pin To Net: NetName=GND Pin=J01-A12
Added Pin To Net: NetName=GND Pin=J01-A12
Added Pin To Net: NetName=GND Pin=J01-P1
Added Pin To Net: NetName=GND Pin=J01-P1
Added Pin To Net: NetName=GND Pin=J02-A1
Added Pin To Net: NetName=GND Pin=J02-A1
Added Pin To Net: NetName=GND Pin=J02-A12
Added Pin To Net: NetName=GND Pin=J02-A12
Added Pin To Net: NetName=GND Pin=J02-P1
Added Pin To Net: NetName=GND Pin=J02-P1
Added Pin To Net: NetName=GND Pin=J03-A1
Added Pin To Net: NetName=GND Pin=J03-A1
Added Pin To Net: NetName=GND Pin=J03-A12
Added Pin To Net: NetName=GND Pin=J03-A12
Added Pin To Net: NetName=GND Pin=J03-P1
Added Pin To Net: NetName=GND Pin=J03-P1
Added Pin To Net: NetName=GND Pin=J04-A1
Added Pin To Net: NetName=GND Pin=J04-A1
Added Pin To Net: NetName=GND Pin=J04-A12
Added Pin To Net: NetName=GND Pin=J04-A12
Added Pin To Net: NetName=GND Pin=J04-P1
Added Pin To Net: NetName=GND Pin=J04-P1
Added Pin To Net: NetName=GND Pin=R01-2
Added Pin To Net: NetName=GND Pin=R02-2
Added Pin To Net: NetName=GND Pin=R03-1
Added Pin To Net: NetName=GND Pin=R05-1
Added Pin To Net: NetName=GND Pin=R07-1
Added Pin To Net: NetName=GND Pin=R09-1
Added Net: Name=GND
Added Pin To Net: NetName=NetD01_1 Pin=D01-1
Added Pin To Net: NetName=NetD01_1 Pin=R04-2
Added Net: Name=NetD01_1
Added Pin To Net: NetName=NetD02_1 Pin=D02-1
Added Pin To Net: NetName=NetD02_1 Pin=R06-2
Added Net: Name=NetD02_1
Added Pin To Net: NetName=NetD03_1 Pin=D03-1
Added Pin To Net: NetName=NetD03_1 Pin=R08-2
Added Net: Name=NetD03_1
Added Pin To Net: NetName=NetD04_1 Pin=D04-1
Added Pin To Net: NetName=NetD04_1 Pin=R10-2
Added Net: Name=NetD04_1
Added Pin To Net: NetName=NetJ00_A5 Pin=J00-A5
Added Pin To Net: NetName=NetJ00_A5 Pin=R01-1
Added Net: Name=NetJ00_A5
Added Pin To Net: NetName=NetJ00_B5 Pin=J00-B5
Added Pin To Net: NetName=NetJ00_B5 Pin=R02-1
Added Net: Name=NetJ00_B5
Added Pin To Net: NetName=NetR03_2 Pin=R03-2
Added Net: Name=NetR03_2
Added Pin To Net: NetName=NetR04_1 Pin=R04-1
Added Net: Name=NetR04_1
Added Pin To Net: NetName=NetR05_2 Pin=R05-2
Added Net: Name=NetR05_2
Added Pin To Net: NetName=NetR06_1 Pin=R06-1
Added Net: Name=NetR06_1
Added Pin To Net: NetName=NetR07_2 Pin=R07-2
Added Net: Name=NetR07_2
Added Pin To Net: NetName=NetR08_1 Pin=R08-1
Added Net: Name=NetR08_1
Added Pin To Net: NetName=NetR09_2 Pin=R09-2
Added Net: Name=NetR09_2
Added Pin To Net: NetName=NetR10_1 Pin=R10-1
Added Net: Name=NetR10_1
Added Pin To Net: NetName=VBUS Pin=C01-1
Added Pin To Net: NetName=VBUS Pin=C02-1
Added Pin To Net: NetName=VBUS Pin=C03-1
Added Pin To Net: NetName=VBUS Pin=C04-1
Added Pin To Net: NetName=VBUS Pin=C05-1
Added Pin To Net: NetName=VBUS Pin=C06-1
Added Pin To Net: NetName=VBUS Pin=C07-1
Added Pin To Net: NetName=VBUS Pin=C08-1
Added Pin To Net: NetName=VBUS Pin=C09-1
Added Pin To Net: NetName=VBUS Pin=C10-1
Added Pin To Net: NetName=VBUS Pin=C11-1
Added Pin To Net: NetName=VBUS Pin=CR01-1
Added Pin To Net: NetName=VBUS Pin=D01-2
Added Pin To Net: NetName=VBUS Pin=D02-2
Added Pin To Net: NetName=VBUS Pin=D03-2
Added Pin To Net: NetName=VBUS Pin=D04-2
Added Pin To Net: NetName=VBUS Pin=J00-A4_B9
Added Pin To Net: NetName=VBUS Pin=J00-B4_A9
Added Pin To Net: NetName=VBUS Pin=JP1-1
Added Pin To Net: NetName=VBUS Pin=JP2-1
Added Pin To Net: NetName=VBUS Pin=JP3-1
Added Pin To Net: NetName=VBUS Pin=JP4-1
Added Net: Name=VBUS
Added Pin To Net: NetName=VPORT1 Pin=C12-1
Added Pin To Net: NetName=VPORT1 Pin=J01-A4
Added Pin To Net: NetName=VPORT1 Pin=J01-A4
Added Pin To Net: NetName=VPORT1 Pin=J01-A9
Added Pin To Net: NetName=VPORT1 Pin=J01-A9
Added Pin To Net: NetName=VPORT1 Pin=JP1-2
Added Net: Name=VPORT1
Added Pin To Net: NetName=VPORT2 Pin=C13-1
Added Pin To Net: NetName=VPORT2 Pin=J02-A4
Added Pin To Net: NetName=VPORT2 Pin=J02-A4
Added Pin To Net: NetName=VPORT2 Pin=J02-A9
Added Pin To Net: NetName=VPORT2 Pin=J02-A9
Added Pin To Net: NetName=VPORT2 Pin=JP2-2
Added Net: Name=VPORT2
Added Pin To Net: NetName=VPORT3 Pin=C14-1
Added Pin To Net: NetName=VPORT3 Pin=J03-A4
Added Pin To Net: NetName=VPORT3 Pin=J03-A4
Added Pin To Net: NetName=VPORT3 Pin=J03-A9
Added Pin To Net: NetName=VPORT3 Pin=J03-A9
Added Pin To Net: NetName=VPORT3 Pin=JP3-2
Added Net: Name=VPORT3
Added Pin To Net: NetName=VPORT4 Pin=C15-1
Added Pin To Net: NetName=VPORT4 Pin=J04-A4
Added Pin To Net: NetName=VPORT4 Pin=J04-A4
Added Pin To Net: NetName=VPORT4 Pin=J04-A9
Added Pin To Net: NetName=VPORT4 Pin=J04-A9
Added Pin To Net: NetName=VPORT4 Pin=JP4-2
Added Net: Name=VPORT4
Added Member To Class: ClassName=main Member=Component C01 100n
Added Member To Class: ClassName=main Member=Component C02 1u
Added Member To Class: ClassName=main Member=Component C03 22u
Added Member To Class: ClassName=main Member=Component C04 1u
Added Member To Class: ClassName=main Member=Component C05 100n
Added Member To Class: ClassName=main Member=Component C06 1u
Added Member To Class: ClassName=main Member=Component C07 100n
Added Member To Class: ClassName=main Member=Component C08 1u
Added Member To Class: ClassName=main Member=Component C09 100n
Added Member To Class: ClassName=main Member=Component C10 1u
Added Member To Class: ClassName=main Member=Component C11 100n
Added Member To Class: ClassName=main Member=Component C12 100n
Added Member To Class: ClassName=main Member=Component C13 100n
Added Member To Class: ClassName=main Member=Component C14 100n
Added Member To Class: ClassName=main Member=Component C15 100n
Added Member To Class: ClassName=main Member=Component CR01 SMF6.5CA
Added Member To Class: ClassName=main Member=Component D01 LED
Added Member To Class: ClassName=main Member=Component D02 LED
Added Member To Class: ClassName=main Member=Component D03 LED
Added Member To Class: ClassName=main Member=Component D04 LED
Added Member To Class: ClassName=main Member=Component J00 TYPE-C-31-M-12
Added Member To Class: ClassName=main Member=Component J01 TYPE-C MALE
Added Member To Class: ClassName=main Member=Component J02 TYPE-C MALE
Added Member To Class: ClassName=main Member=Component J03 TYPE-C MALE
Added Member To Class: ClassName=main Member=Component J04 TYPE-C MALE
Added Member To Class: ClassName=main Member=Component JP1 0R
Added Member To Class: ClassName=main Member=Component JP2 0R
Added Member To Class: ClassName=main Member=Component JP3 0R
Added Member To Class: ClassName=main Member=Component JP4 0R
Added Member To Class: ClassName=main Member=Component R01 5K1
Added Member To Class: ClassName=main Member=Component R02 5K1
Added Member To Class: ClassName=main Member=Component R03 150K
Added Member To Class: ClassName=main Member=Component R04 5K1
Added Member To Class: ClassName=main Member=Component R05 150K
Added Member To Class: ClassName=main Member=Component R06 5K1
Added Member To Class: ClassName=main Member=Component R07 150K
Added Member To Class: ClassName=main Member=Component R08 5K1
Added Member To Class: ClassName=main Member=Component R09 150K
Added Member To Class: ClassName=main Member=Component R10 5K1
Add Class Member: Failed to add class member : Component U01 HUSB305-01
Add Class Member: Failed to add class member : Component U02 HUSB305-01
Add Class Member: Failed to add class member : Component U03 HUSB305-01
Add Class Member: Failed to add class member : Component U04 HUSB305-01
